// Jest Snapshot v1, https://goo.gl/fbAQLP

exports[`app container dispatches correct actions upon rendering 1`] = `
Array [
  Object {
    "args": Array [
      Object {
        "type": "fetching weather",
      },
    ],
    "callId": 0,
    "errorWithCallStack": [Error],
    "exception": undefined,
    "proxy": [Function],
    "returnValue": Object {
      "type": "fetching weather",
    },
    "thisValue": Object {
      "dispatch": [Function],
      "locations": Array [],
      "store": Object {
        "clearActions": [Function],
        "dispatch": [Function],
        "getActions": [Function],
        "getState": [Function],
        "replaceReducer": [Function],
        "subscribe": [Function],
      },
      "storeSubscription": Subscription {
        "listeners": Object {
          "clear": [Function],
          "get": [Function],
          "notify": [Function],
          "subscribe": [Function],
        },
        "onStateChange": [Function],
        "parentSub": undefined,
        "store": Object {
          "clearActions": [Function],
          "dispatch": [Function],
          "getActions": [Function],
          "getState": [Function],
          "replaceReducer": [Function],
          "subscribe": [Function],
        },
        "unsubscribe": [Function],
      },
    },
  },
  Object {
    "args": Array [
      Object {
        "type": "fetching weather",
      },
    ],
    "callId": 1,
    "errorWithCallStack": [Error],
    "exception": undefined,
    "proxy": [Function],
    "returnValue": Object {
      "type": "fetching weather",
    },
    "thisValue": Object {
      "dispatch": [Function],
      "locations": Array [],
      "store": Object {
        "clearActions": [Function],
        "dispatch": [Function],
        "getActions": [Function],
        "getState": [Function],
        "replaceReducer": [Function],
        "subscribe": [Function],
      },
      "storeSubscription": Subscription {
        "listeners": Object {
          "clear": [Function],
          "get": [Function],
          "notify": [Function],
          "subscribe": [Function],
        },
        "onStateChange": [Function],
        "parentSub": undefined,
        "store": Object {
          "clearActions": [Function],
          "dispatch": [Function],
          "getActions": [Function],
          "getState": [Function],
          "replaceReducer": [Function],
          "subscribe": [Function],
        },
        "unsubscribe": [Function],
      },
    },
  },
]
`;
